// Vitest Snapshot v1, https://vitest.dev/guide/snapshot.html

exports[`Component rendering > testing if Cuisines is rendered 1`] = `
{
  "asFragment": [Function],
  "baseElement": <body>
    <div>
      <div>
        <a
          href="http://www.foodista.com/recipe/JKGPWDDP/steak-with-lemon-and-capers"
          target="_blank"
        >
          <div
            class="min-h-[15rem] overflow-hidden relative rounded-lg"
          >
            <p
              class="absolute inset-x-0 z-10 text-gray-200 bottom-0 h-16 w-full text-center font-bold"
            >
              Recipe 1
            </p>
            <img
              alt="Recipe 1"
              class="absolute left-0 w-full h-[100%] object-cover"
              src="recipe1.jpg"
            />
            <div
              class="bg-gradient-to-t from-gray-900 to-transparent absolute w-full h-[100%] z-3 opacity-90"
            />
          </div>
        </a>
        <a
          href="http://www.foodista.com/recipe/JKGPWDDP/steak-with-lemon-and-capers"
          target="_blank"
        >
          <div
            class="min-h-[15rem] overflow-hidden relative rounded-lg"
          >
            <p
              class="absolute inset-x-0 z-10 text-gray-200 bottom-0 h-16 w-full text-center font-bold"
            >
              Recipe 2
            </p>
            <img
              alt="Recipe 2"
              class="absolute left-0 w-full h-[100%] object-cover"
              src="recipe2.jpg"
            />
            <div
              class="bg-gradient-to-t from-gray-900 to-transparent absolute w-full h-[100%] z-3 opacity-90"
            />
          </div>
        </a>
        <a
          href="http://www.foodista.com/recipe/JKGPWDDP/steak-with-lemon-and-capers"
          target="_blank"
        >
          <div
            class="min-h-[15rem] overflow-hidden relative rounded-lg"
          >
            <p
              class="absolute inset-x-0 z-10 text-gray-200 bottom-0 h-16 w-full text-center font-bold"
            >
              Recipe 3
            </p>
            <img
              alt="Recipe 3"
              class="absolute left-0 w-full h-[100%] object-cover"
              src="recipe3.jpg"
            />
            <div
              class="bg-gradient-to-t from-gray-900 to-transparent absolute w-full h-[100%] z-3 opacity-90"
            />
          </div>
        </a>
      </div>
    </div>
  </body>,
  "container": <div>
    <div>
      <a
        href="http://www.foodista.com/recipe/JKGPWDDP/steak-with-lemon-and-capers"
        target="_blank"
      >
        <div
          class="min-h-[15rem] overflow-hidden relative rounded-lg"
        >
          <p
            class="absolute inset-x-0 z-10 text-gray-200 bottom-0 h-16 w-full text-center font-bold"
          >
            Recipe 1
          </p>
          <img
            alt="Recipe 1"
            class="absolute left-0 w-full h-[100%] object-cover"
            src="recipe1.jpg"
          />
          <div
            class="bg-gradient-to-t from-gray-900 to-transparent absolute w-full h-[100%] z-3 opacity-90"
          />
        </div>
      </a>
      <a
        href="http://www.foodista.com/recipe/JKGPWDDP/steak-with-lemon-and-capers"
        target="_blank"
      >
        <div
          class="min-h-[15rem] overflow-hidden relative rounded-lg"
        >
          <p
            class="absolute inset-x-0 z-10 text-gray-200 bottom-0 h-16 w-full text-center font-bold"
          >
            Recipe 2
          </p>
          <img
            alt="Recipe 2"
            class="absolute left-0 w-full h-[100%] object-cover"
            src="recipe2.jpg"
          />
          <div
            class="bg-gradient-to-t from-gray-900 to-transparent absolute w-full h-[100%] z-3 opacity-90"
          />
        </div>
      </a>
      <a
        href="http://www.foodista.com/recipe/JKGPWDDP/steak-with-lemon-and-capers"
        target="_blank"
      >
        <div
          class="min-h-[15rem] overflow-hidden relative rounded-lg"
        >
          <p
            class="absolute inset-x-0 z-10 text-gray-200 bottom-0 h-16 w-full text-center font-bold"
          >
            Recipe 3
          </p>
          <img
            alt="Recipe 3"
            class="absolute left-0 w-full h-[100%] object-cover"
            src="recipe3.jpg"
          />
          <div
            class="bg-gradient-to-t from-gray-900 to-transparent absolute w-full h-[100%] z-3 opacity-90"
          />
        </div>
      </a>
    </div>
  </div>,
  "debug": [Function],
  "findAllByAltText": [Function],
  "findAllByDisplayValue": [Function],
  "findAllByLabelText": [Function],
  "findAllByPlaceholderText": [Function],
  "findAllByRole": [Function],
  "findAllByTestId": [Function],
  "findAllByText": [Function],
  "findAllByTitle": [Function],
  "findByAltText": [Function],
  "findByDisplayValue": [Function],
  "findByLabelText": [Function],
  "findByPlaceholderText": [Function],
  "findByRole": [Function],
  "findByTestId": [Function],
  "findByText": [Function],
  "findByTitle": [Function],
  "getAllByAltText": [Function],
  "getAllByDisplayValue": [Function],
  "getAllByLabelText": [Function],
  "getAllByPlaceholderText": [Function],
  "getAllByRole": [Function],
  "getAllByTestId": [Function],
  "getAllByText": [Function],
  "getAllByTitle": [Function],
  "getByAltText": [Function],
  "getByDisplayValue": [Function],
  "getByLabelText": [Function],
  "getByPlaceholderText": [Function],
  "getByRole": [Function],
  "getByTestId": [Function],
  "getByText": [Function],
  "getByTitle": [Function],
  "queryAllByAltText": [Function],
  "queryAllByDisplayValue": [Function],
  "queryAllByLabelText": [Function],
  "queryAllByPlaceholderText": [Function],
  "queryAllByRole": [Function],
  "queryAllByTestId": [Function],
  "queryAllByText": [Function],
  "queryAllByTitle": [Function],
  "queryByAltText": [Function],
  "queryByDisplayValue": [Function],
  "queryByLabelText": [Function],
  "queryByPlaceholderText": [Function],
  "queryByRole": [Function],
  "queryByTestId": [Function],
  "queryByText": [Function],
  "queryByTitle": [Function],
  "rerender": [Function],
  "unmount": [Function],
}
`;
